{
  "output": "C:\\pros\\direct-reciprocity\\results\\reciprocity_population_visuals_20260924\\behavior",
  "cases": [
    {
      "config": "non_thinking",
      "id": "s217-rank3-d0-pos2",
      "arm": "cooperation",
      "H_gain": 0.04212500000000019,
      "eligible_candidates": 31
    },
    {
      "config": "thinking",
      "id": "s210-rank3-d1-pos3",
      "arm": "accurate",
      "H_gain": 0.08254166666666651,
      "eligible_candidates": 151
    },
    {
      "config": "thinking",
      "id": "s213-rank6-d0-pos1",
      "arm": "cooperation",
      "H_gain": -0.0323333333333331,
      "eligible_candidates": 331
    }
  ],
  "figures": [
    {
      "figure": "figure7_behavior_evidence",
      "width_inches": 6.802,
      "height_inches": 5.0,
      "minimum_font_pt": 8.7,
      "out_of_canvas_text": [],
      "vector_exports": [
        "pdf",
        "svg"
      ],
      "latex_placement": "Use width=0.95\\textwidth (6.802 inches)."
    },
    {
      "figure": "figure7_behavior_examples",
      "width_inches": 6.889763779527559,
      "height_inches": 6.45,
      "minimum_font_pt": 8.5,
      "out_of_canvas_text": [],
      "vector_exports": [
        "pdf",
        "svg"
      ],
      "latex_placement": "Use width=0.95\\textwidth (6.802 inches)."
    }
  ]
}
