{
  "status": "passed",
  "read_only_sources": true,
  "new_llm_calls": 0,
  "new_games": 0,
  "n_populations": 20,
  "n_parents": 60,
  "n_pools": 300,
  "n_candidates": 600,
  "n_decisions_reconstructed": 900,
  "n_fixed_pool_rows_checked": 2700,
  "n_fixed_pool_summaries_checked": 54,
  "n_behavior_endpoints_reconstructed": 60,
  "exact_sign_tests_recomputed": 7,
  "holm_family_size": 6,
  "primary_positive_populations": 10,
  "primary_negative_populations": 10,
  "s3_total_positive_populations": 20,
  "fallback_counts": {
    "default": 16,
    "noise01": 16,
    "long": 21
  },
  "candidate_counts": {
    "candidates": 600,
    "better": 296,
    "worse": 284,
    "equal": 20,
    "pools": 300,
    "pools_with_better": 198,
    "both_better": 98
  },
  "limitations": [
    "No game replay, no independent simulator validation.",
    "Stored bootstrap intervals exported unchanged; bootstrap algorithm inspected, not re-run.",
    "Prespecified means local protocol freeze, not public registration.",
    "Post-hoc intervals are exploratory and unadjusted."
  ]
}
